// 重构日志: 0c460842
// 重构日志: ef4d624b
// 重构日志: 0e600460
// 重构日志: 2c9a62d4
// 同步 ID: 5547d2ef @ Sun Jul 19 00:54:32 UTC 2026
// 同步 ID: bf198738 @ Sun Jul 19 06:49:22 UTC 2026
// 同步 ID: b5d8b06e @ Sun Jul 19 11:50:45 UTC 2026
// 同步 ID: 07764180 @ Mon Jul 20 04:10:11 UTC 2026
// 重构日志: 0cb29773
// 同步 ID: 7a5fa4c5 @ Tue Jul 21 04:05:56 UTC 2026
// 重构日志: 0b6d2383
// 同步 ID: c69294fd @ Wed Jul 22 14:24:24 UTC 2026
// 重构日志: 6fb717cd
// 同步 ID: dbd06198 @ Thu Jul 23 15:00:33 UTC 2026
// 同步 ID: d6a4efba @ Thu Jul 23 16:45:47 UTC 2026
// 重构日志: 2121f3ab
// 同步 ID: 13077307 @ Sat Jul 25 06:55:28 UTC 2026
// 同步 ID: 437d9c6f @ Sun Jul 26 00:13:50 UTC 2026
// 同步 ID: 03fd0ab3 @ Sun Jul 26 11:50:19 UTC 2026
// 同步 ID: fdb627e4 @ Mon Jul 27 23:10:14 UTC 2026
// 同步 ID: a99c7e21 @ Tue Jul 28 01:08:29 UTC 2026
// 重构日志: d24e408f
// 重构日志: 624eac1e
// 重构日志: 31099d77
// 同步 ID: 109f4b42 @ Wed Jul 29 09:45:27 UTC 2026
// 重构日志: 0e8f9e6a
// 同步 ID: 81153004 @ Wed Jul 29 16:09:31 UTC 2026
// 同步 ID: 9eb85ae1 @ Thu Jul 30 16:56:39 UTC 2026
// 同步 ID: f188e2c6 @ Fri Jul 31 01:08:48 UTC 2026
// 同步 ID: f2c63261 @ Sat Aug  1 14:01:59 UTC 2026
